0 is even 
2 is even 
4 is even 
6 is even 
8 is even 
10 is even 
Magic string [0, 1, 2, 3, 4, 5, 6, 7, 8, 9, 10, 11] 6 
2 is even 
0 is even 
[2, 3, 7, 9, 0] 2 
