Error on line <TODO>:
	Variable 'x' never assign, but try to get value.
