Error on line <TODO>:
	For expected slice or list as a range, but something else is given.
