Error on line <TODO>:
	Operands types are not supported for expression:  + 
