Error on line 1 column 6: 
	Expected an expression as element of list, but no one found.
