[1, 2, "three", ["four", True]] 
["three", ["four", True]] 
2 
[1, 2, 1, 2] 
aaa 
[1, 2, 3, 4] aaaabbbb 
