Error on line 3 column 0: 
	Expected a new code block, but indend is incorrect or block is empty.
