3 
Error on line <TODO>:
	Unable to find function 'fail'.
