19 is still here 
17 is still here 
16 is still here 
15 is still here 
9 is still here 
8 is still here 
7 is still here 
x ==  6 
